[INFO] Scanning for projects...
[WARNING] 
[WARNING] Some problems were encountered while building the effective model for com.softwells:FanOps:jar:0.0.1-SNAPSHOT
[WARNING] 'dependencies.dependency.scope' for org.projectlombok:lombok:jar must be one of [provided, compile, runtime, test, system] but is 'annotationProcessor'. @ line 121, column 14
[WARNING] 
[WARNING] It is highly recommended to fix these problems because they threaten the stability of your build.
[WARNING] 
[WARNING] For this reason, future Maven versions might no longer support building such malformed projects.
[WARNING] 
[INFO] 
[INFO] ------------------------< com.softwells:FanOps >------------------------
[INFO] Building FanOps 0.0.1-SNAPSHOT
[INFO]   from pom.xml
[INFO] --------------------------------[ jar ]---------------------------------
[INFO] 
[INFO] >>> spring-boot:4.1.0:run (default-cli) > test-compile @ FanOps >>>
[INFO] 
[INFO] --- spring-boot:4.1.0:build-info (default) @ FanOps ---
[INFO] 
[INFO] --- resources:3.5.0:resources (default-resources) @ FanOps ---
[INFO] Copying 1 resource from src\main\resources to target\classes
[INFO] Copying 32 resources from src\main\resources to target\classes
[INFO] 
[INFO] --- compiler:3.15.0:compile (default-compile) @ FanOps ---
[INFO] Nothing to compile - all classes are up to date.
[INFO] 
[INFO] --- resources:3.5.0:testResources (default-testResources) @ FanOps ---
[INFO] Copying 1 resource from src\test\resources to target\test-classes
[INFO] 
[INFO] --- compiler:3.15.0:testCompile (default-testCompile) @ FanOps ---
[INFO] Nothing to compile - all classes are up to date.
[INFO] 
[INFO] <<< spring-boot:4.1.0:run (default-cli) < test-compile @ FanOps <<<
[INFO] 
[INFO] 
[INFO] --- spring-boot:4.1.0:run (default-cli) @ FanOps ---
[INFO] Attaching agents: []

  .   ____          _            __ _ _
 /\\ / ___'_ __ _ _(_)_ __  __ _ \ \ \ \
( ( )\___ | '_ | '_| | '_ \/ _` | \ \ \ \
 \\/  ___)| |_)| | | | | || (_| |  ) ) ) )
  '  |____| .__|_| |_|_| |_\__, | / / / /
 =========|_|==============|___/=/_/_/_/

 :: Spring Boot ::                (v4.1.0)

2026-09-26T12:55:13.924+02:00  INFO 6592 --- [fanops] [           main] com.softwells.fanops.FanOpsApplication   : Starting FanOpsApplication using Java 21.0.11 with PID 6592 (C:\dev\git\personal\fanops\target\classes started by alberto.pozogarcia in C:\dev\git\personal\fanops)
2026-09-26T12:55:13.927+02:00 DEBUG 6592 --- [fanops] [           main] com.softwells.fanops.FanOpsApplication   : Running with Spring Boot v4.1.0, Spring v7.0.8
2026-09-26T12:55:13.927+02:00  INFO 6592 --- [fanops] [           main] com.softwells.fanops.FanOpsApplication   : No active profile set, falling back to 1 default profile: "default"
2026-09-26T12:55:14.547+02:00  INFO 6592 --- [fanops] [           main] .s.d.r.c.RepositoryConfigurationDelegate : Bootstrapping Spring Data JPA repositories in DEFAULT mode.
2026-09-26T12:55:14.602+02:00  INFO 6592 --- [fanops] [           main] .s.d.r.c.RepositoryConfigurationDelegate : Finished Spring Data repository scanning in 48 ms. Found 14 JPA repository interfaces.
2026-09-26T12:55:15.026+02:00  INFO 6592 --- [fanops] [           main] o.s.boot.tomcat.TomcatWebServer          : Tomcat initialized with port 8090 (http)
2026-09-26T12:55:15.035+02:00  INFO 6592 --- [fanops] [           main] o.apache.catalina.core.StandardService   : Starting service [Tomcat]
2026-09-26T12:55:15.036+02:00  INFO 6592 --- [fanops] [           main] o.apache.catalina.core.StandardEngine    : Starting Servlet engine: [Apache Tomcat/11.0.22]
2026-09-26T12:55:15.086+02:00  INFO 6592 --- [fanops] [           main] b.w.c.s.WebApplicationContextInitializer : Root WebApplicationContext: initialization completed in 1123 ms
2026-09-26T12:55:15.231+02:00  INFO 6592 --- [fanops] [           main] com.zaxxer.hikari.HikariDataSource       : HikariPool-1 - Starting...
2026-09-26T12:55:15.488+02:00  INFO 6592 --- [fanops] [           main] com.zaxxer.hikari.pool.HikariPool        : HikariPool-1 - Added connection org.postgresql.jdbc.PgConnection@1c2096c6
2026-09-26T12:55:15.490+02:00  INFO 6592 --- [fanops] [           main] com.zaxxer.hikari.HikariDataSource       : HikariPool-1 - Start completed.
2026-09-26T12:55:15.576+02:00  INFO 6592 --- [fanops] [           main] liquibase.database                       : Set default schema name to public
2026-09-26T12:55:16.239+02:00  INFO 6592 --- [fanops] [           main] liquibase.changelog                      : Reading from public.databasechangelog
2026-09-26T12:55:16.308+02:00  INFO 6592 --- [fanops] [           main] liquibase.ui                             : Database is up to date, no changesets to execute
2026-09-26T12:55:16.312+02:00  INFO 6592 --- [fanops] [           main] liquibase.changelog                      : Reading from public.databasechangelog
2026-09-26T12:55:16.320+02:00  INFO 6592 --- [fanops] [           main] liquibase.util                           : UPDATE SUMMARY
2026-09-26T12:55:16.321+02:00  INFO 6592 --- [fanops] [           main] liquibase.util                           : Run:                          0
2026-09-26T12:55:16.321+02:00  INFO 6592 --- [fanops] [           main] liquibase.util                           : Previously run:               9
2026-09-26T12:55:16.322+02:00  INFO 6592 --- [fanops] [           main] liquibase.util                           : Filtered out:                 0
2026-09-26T12:55:16.322+02:00  INFO 6592 --- [fanops] [           main] liquibase.util                           : -------------------------------
2026-09-26T12:55:16.322+02:00  INFO 6592 --- [fanops] [           main] liquibase.util                           : Total change sets:            9
2026-09-26T12:55:16.322+02:00  INFO 6592 --- [fanops] [           main] liquibase.util                           : Update summary generated
2026-09-26T12:55:16.323+02:00  INFO 6592 --- [fanops] [           main] liquibase.command                        : Command execution complete
2026-09-26T12:55:16.411+02:00  INFO 6592 --- [fanops] [           main] org.hibernate.orm.jpa                    : HHH008540: Processing PersistenceUnitInfo [name: default]
2026-09-26T12:55:16.445+02:00  INFO 6592 --- [fanops] [           main] org.hibernate.orm.core                   : HHH000001: Hibernate ORM core version 7.4.1.Final
2026-09-26T12:55:16.711+02:00  INFO 6592 --- [fanops] [           main] o.s.o.j.p.SpringPersistenceUnitInfo      : No LoadTimeWeaver setup: ignoring JPA class transformer
2026-09-26T12:55:16.744+02:00  WARN 6592 --- [fanops] [           main] org.hibernate.orm.deprecation            : HHH90000025: PostgreSQLDialect does not need to be specified explicitly using 'hibernate.dialect' (remove the property setting and it will be selected by default)
2026-09-26T12:55:16.758+02:00  INFO 6592 --- [fanops] [           main] org.hibernate.orm.connections.pooling    : HHH10001005: Database info:
	Database JDBC URL [jdbc:postgresql://localhost:5432/fanops]
	Database driver: PostgreSQL JDBC Driver
	Database dialect: PostgreSQLDialect
	Database version: 16.13
	Default catalog/schema: fanops/public
	Autocommit mode: undefined/unknown
	Isolation level: READ_COMMITTED [default READ_COMMITTED]
	JDBC fetch size: none
	Pool: DataSourceConnectionProvider
	Minimum pool size: undefined/unknown
	Maximum pool size: undefined/unknown
2026-09-26T12:55:17.639+02:00  INFO 6592 --- [fanops] [           main] org.hibernate.orm.core                   : HHH000489: No JTA platform available (set 'hibernate.transaction.jta.platform' to enable JTA platform integration)
2026-09-26T12:55:17.708+02:00  INFO 6592 --- [fanops] [           main] j.LocalContainerEntityManagerFactoryBean : Initialized JPA EntityManagerFactory for persistence unit 'default'
2026-09-26T12:55:17.753+02:00  INFO 6592 --- [fanops] [           main] o.s.d.j.r.query.QueryEnhancerFactories   : Hibernate is in classpath; If applicable, HQL parser will be used.
2026-09-26T12:55:18.170+02:00 DEBUG 6592 --- [fanops] [           main] c.s.fanops.security.PenaContextFilter    : Filter 'penaContextFilter' configured for use
2026-09-26T12:55:18.172+02:00 DEBUG 6592 --- [fanops] [           main] c.s.fanops.security.JwtAuthFilter        : Filter 'jwtAuthFilter' configured for use
2026-09-26T12:55:18.425+02:00  INFO 6592 --- [fanops] [           main] eAuthenticationProviderManagerConfigurer : Global AuthenticationManager configured with AuthenticationProvider bean with name authenticationProvider
2026-09-26T12:55:18.427+02:00  WARN 6592 --- [fanops] [           main] r$InitializeUserDetailsManagerConfigurer : Global AuthenticationManager configured with an AuthenticationProvider bean. UserDetailsService beans will not be used by Spring Security for automatically configuring username/password login. Consider removing the AuthenticationProvider bean. Alternatively, consider using the UserDetailsService in a manually instantiated DaoAuthenticationProvider. If the current configuration is intentional, to turn off this warning, increase the logging level of 'org.springframework.security.config.annotation.authentication.configuration.InitializeUserDetailsBeanManagerConfigurer' to ERROR
2026-09-26T12:55:18.934+02:00  INFO 6592 --- [fanops] [           main] o.s.b.w.a.WelcomePageHandlerMapping      : Adding welcome page: class path resource [static/index.html]
2026-09-26T12:55:19.298+02:00  INFO 6592 --- [fanops] [           main] o.s.b.a.e.web.EndpointLinksResolver      : Exposing 2 endpoints beneath base path '/management'
2026-09-26T12:55:19.371+02:00  INFO 6592 --- [fanops] [           main] o.s.boot.tomcat.TomcatWebServer          : Tomcat started on port 8090 (http) with context path '/'
2026-09-26T12:55:19.380+02:00  INFO 6592 --- [fanops] [           main] com.softwells.fanops.FanOpsApplication   : Started FanOpsApplication in 5.755 seconds (process running for 6.008)
2026-09-26T12:58:03.343+02:00  INFO 6592 --- [fanops] [nio-8090-exec-1] o.a.c.c.C.[Tomcat].[localhost].[/]       : Initializing Spring DispatcherServlet 'dispatcherServlet'
2026-09-26T12:58:03.346+02:00  INFO 6592 --- [fanops] [nio-8090-exec-1] o.s.web.servlet.DispatcherServlet        : Initializing Servlet 'dispatcherServlet'
2026-09-26T12:58:03.348+02:00  INFO 6592 --- [fanops] [nio-8090-exec-1] o.s.web.servlet.DispatcherServlet        : Completed initialization in 1 ms
